
> condos-backend@1.0.0 dev
> nodemon src/server.js

[33m[nodemon] 3.1.14[39m
[33m[nodemon] to restart at any time, enter `rs`[39m
[33m[nodemon] watching path(s): *.*[39m
[33m[nodemon] watching extensions: js,mjs,cjs,json[39m
[32m[nodemon] starting `node src/server.js`[39m
Server running on port 3003
[0mGET /health [32m200[0m 20.837 ms - 38[0m
[0mPOST /api/auth/login [32m200[0m 89.303 ms - 387[0m
[0mPOST /api/auth/login [32m200[0m 20.053 ms - 387[0m
[API_ERROR] Error: Solo la organización Smart3AI tiene acceso a esta instancia.
    at enforceOwnerOnlyPolicy (file:///home/aplicacion/projects/Sistema_Control_Condominios/backend/src/middlewares/authMiddleware.js:49:19)
    at authenticate (file:///home/aplicacion/projects/Sistema_Control_Condominios/backend/src/middlewares/authMiddleware.js:67:5)
    at Layer.handle [as handle_request] (/home/aplicacion/projects/Sistema_Control_Condominios/backend/node_modules/express/lib/router/layer.js:95:5)
    at trim_prefix (/home/aplicacion/projects/Sistema_Control_Condominios/backend/node_modules/express/lib/router/index.js:328:13)
    at /home/aplicacion/projects/Sistema_Control_Condominios/backend/node_modules/express/lib/router/index.js:286:9
    at Function.process_params (/home/aplicacion/projects/Sistema_Control_Condominios/backend/node_modules/express/lib/router/index.js:346:12)
    at next (/home/aplicacion/projects/Sistema_Control_Condominios/backend/node_modules/express/lib/router/index.js:280:10)
    at Function.handle (/home/aplicacion/projects/Sistema_Control_Condominios/backend/node_modules/express/lib/router/index.js:175:3)
    at router (/home/aplicacion/projects/Sistema_Control_Condominios/backend/node_modules/express/lib/router/index.js:47:12)
    at Layer.handle [as handle_request] (/home/aplicacion/projects/Sistema_Control_Condominios/backend/node_modules/express/lib/router/layer.js:95:5) {
  status: 401
}
[0mGET /api/dashboard/metrics [33m401[0m 41.984 ms - 90[0m
[API_ERROR] Error: Solo la organización Smart3AI tiene acceso a esta instancia.
    at enforceOwnerOnlyPolicy (file:///home/aplicacion/projects/Sistema_Control_Condominios/backend/src/middlewares/authMiddleware.js:49:19)
    at authenticate (file:///home/aplicacion/projects/Sistema_Control_Condominios/backend/src/middlewares/authMiddleware.js:67:5)
    at Layer.handle [as handle_request] (/home/aplicacion/projects/Sistema_Control_Condominios/backend/node_modules/express/lib/router/layer.js:95:5)
    at trim_prefix (/home/aplicacion/projects/Sistema_Control_Condominios/backend/node_modules/express/lib/router/index.js:328:13)
    at /home/aplicacion/projects/Sistema_Control_Condominios/backend/node_modules/express/lib/router/index.js:286:9
    at Function.process_params (/home/aplicacion/projects/Sistema_Control_Condominios/backend/node_modules/express/lib/router/index.js:346:12)
    at next (/home/aplicacion/projects/Sistema_Control_Condominios/backend/node_modules/express/lib/router/index.js:280:10)
    at Function.handle (/home/aplicacion/projects/Sistema_Control_Condominios/backend/node_modules/express/lib/router/index.js:175:3)
    at router (/home/aplicacion/projects/Sistema_Control_Condominios/backend/node_modules/express/lib/router/index.js:47:12)
    at Layer.handle [as handle_request] (/home/aplicacion/projects/Sistema_Control_Condominios/backend/node_modules/express/lib/router/layer.js:95:5) {
  status: 401
}
[0mGET /api/notifications [33m401[0m 37.762 ms - 90[0m
[API_ERROR] Error: Solo la organización Smart3AI tiene acceso a esta instancia.
    at enforceOwnerOnlyPolicy (file:///home/aplicacion/projects/Sistema_Control_Condominios/backend/src/middlewares/authMiddleware.js:49:19)
    at authenticate (file:///home/aplicacion/projects/Sistema_Control_Condominios/backend/src/middlewares/authMiddleware.js:67:5)
    at Layer.handle [as handle_request] (/home/aplicacion/projects/Sistema_Control_Condominios/backend/node_modules/express/lib/router/layer.js:95:5)
    at trim_prefix (/home/aplicacion/projects/Sistema_Control_Condominios/backend/node_modules/express/lib/router/index.js:328:13)
    at /home/aplicacion/projects/Sistema_Control_Condominios/backend/node_modules/express/lib/router/index.js:286:9
    at Function.process_params (/home/aplicacion/projects/Sistema_Control_Condominios/backend/node_modules/express/lib/router/index.js:346:12)
    at next (/home/aplicacion/projects/Sistema_Control_Condominios/backend/node_modules/express/lib/router/index.js:280:10)
    at Function.handle (/home/aplicacion/projects/Sistema_Control_Condominios/backend/node_modules/express/lib/router/index.js:175:3)
    at router (/home/aplicacion/projects/Sistema_Control_Condominios/backend/node_modules/express/lib/router/index.js:47:12)
    at Layer.handle [as handle_request] (/home/aplicacion/projects/Sistema_Control_Condominios/backend/node_modules/express/lib/router/layer.js:95:5) {
  status: 401
}
[0mGET /api/dashboard/metrics [33m401[0m 10.144 ms - 90[0m
[API_ERROR] Error: Solo la organización Smart3AI tiene acceso a esta instancia.
    at enforceOwnerOnlyPolicy (file:///home/aplicacion/projects/Sistema_Control_Condominios/backend/src/middlewares/authMiddleware.js:49:19)
    at authenticate (file:///home/aplicacion/projects/Sistema_Control_Condominios/backend/src/middlewares/authMiddleware.js:67:5)
    at Layer.handle [as handle_request] (/home/aplicacion/projects/Sistema_Control_Condominios/backend/node_modules/express/lib/router/layer.js:95:5)
    at trim_prefix (/home/aplicacion/projects/Sistema_Control_Condominios/backend/node_modules/express/lib/router/index.js:328:13)
    at /home/aplicacion/projects/Sistema_Control_Condominios/backend/node_modules/express/lib/router/index.js:286:9
    at Function.process_params (/home/aplicacion/projects/Sistema_Control_Condominios/backend/node_modules/express/lib/router/index.js:346:12)
    at next (/home/aplicacion/projects/Sistema_Control_Condominios/backend/node_modules/express/lib/router/index.js:280:10)
    at Function.handle (/home/aplicacion/projects/Sistema_Control_Condominios/backend/node_modules/express/lib/router/index.js:175:3)
    at router (/home/aplicacion/projects/Sistema_Control_Condominios/backend/node_modules/express/lib/router/index.js:47:12)
    at Layer.handle [as handle_request] (/home/aplicacion/projects/Sistema_Control_Condominios/backend/node_modules/express/lib/router/layer.js:95:5) {
  status: 401
}
[0mGET /api/notifications [33m401[0m 10.523 ms - 90[0m
[API_ERROR] Error: Solo la organización Smart3AI tiene acceso a esta instancia.
    at enforceOwnerOnlyPolicy (file:///home/aplicacion/projects/Sistema_Control_Condominios/backend/src/middlewares/authMiddleware.js:49:19)
    at authenticate (file:///home/aplicacion/projects/Sistema_Control_Condominios/backend/src/middlewares/authMiddleware.js:67:5)
    at Layer.handle [as handle_request] (/home/aplicacion/projects/Sistema_Control_Condominios/backend/node_modules/express/lib/router/layer.js:95:5)
    at trim_prefix (/home/aplicacion/projects/Sistema_Control_Condominios/backend/node_modules/express/lib/router/index.js:328:13)
    at /home/aplicacion/projects/Sistema_Control_Condominios/backend/node_modules/express/lib/router/index.js:286:9
    at Function.process_params (/home/aplicacion/projects/Sistema_Control_Condominios/backend/node_modules/express/lib/router/index.js:346:12)
    at next (/home/aplicacion/projects/Sistema_Control_Condominios/backend/node_modules/express/lib/router/index.js:280:10)
    at Function.handle (/home/aplicacion/projects/Sistema_Control_Condominios/backend/node_modules/express/lib/router/index.js:175:3)
    at router (/home/aplicacion/projects/Sistema_Control_Condominios/backend/node_modules/express/lib/router/index.js:47:12)
    at Layer.handle [as handle_request] (/home/aplicacion/projects/Sistema_Control_Condominios/backend/node_modules/express/lib/router/layer.js:95:5) {
  status: 401
}
[0mGET /api/users?page=1&limit=20 [33m401[0m 3.619 ms - 90[0m
[API_ERROR] Error: Solo la organización Smart3AI tiene acceso a esta instancia.
    at enforceOwnerOnlyPolicy (file:///home/aplicacion/projects/Sistema_Control_Condominios/backend/src/middlewares/authMiddleware.js:49:19)
    at authenticate (file:///home/aplicacion/projects/Sistema_Control_Condominios/backend/src/middlewares/authMiddleware.js:67:5)
    at Layer.handle [as handle_request] (/home/aplicacion/projects/Sistema_Control_Condominios/backend/node_modules/express/lib/router/layer.js:95:5)
    at trim_prefix (/home/aplicacion/projects/Sistema_Control_Condominios/backend/node_modules/express/lib/router/index.js:328:13)
    at /home/aplicacion/projects/Sistema_Control_Condominios/backend/node_modules/express/lib/router/index.js:286:9
    at Function.process_params (/home/aplicacion/projects/Sistema_Control_Condominios/backend/node_modules/express/lib/router/index.js:346:12)
    at next (/home/aplicacion/projects/Sistema_Control_Condominios/backend/node_modules/express/lib/router/index.js:280:10)
    at Function.handle (/home/aplicacion/projects/Sistema_Control_Condominios/backend/node_modules/express/lib/router/index.js:175:3)
    at router (/home/aplicacion/projects/Sistema_Control_Condominios/backend/node_modules/express/lib/router/index.js:47:12)
    at Layer.handle [as handle_request] (/home/aplicacion/projects/Sistema_Control_Condominios/backend/node_modules/express/lib/router/layer.js:95:5) {
  status: 401
}
[0mGET /api/condominiums [33m401[0m 6.342 ms - 90[0m
[API_ERROR] Error: Solo la organización Smart3AI tiene acceso a esta instancia.
    at enforceOwnerOnlyPolicy (file:///home/aplicacion/projects/Sistema_Control_Condominios/backend/src/middlewares/authMiddleware.js:49:19)
    at authenticate (file:///home/aplicacion/projects/Sistema_Control_Condominios/backend/src/middlewares/authMiddleware.js:67:5)
    at Layer.handle [as handle_request] (/home/aplicacion/projects/Sistema_Control_Condominios/backend/node_modules/express/lib/router/layer.js:95:5)
    at trim_prefix (/home/aplicacion/projects/Sistema_Control_Condominios/backend/node_modules/express/lib/router/index.js:328:13)
    at /home/aplicacion/projects/Sistema_Control_Condominios/backend/node_modules/express/lib/router/index.js:286:9
    at Function.process_params (/home/aplicacion/projects/Sistema_Control_Condominios/backend/node_modules/express/lib/router/index.js:346:12)
    at next (/home/aplicacion/projects/Sistema_Control_Condominios/backend/node_modules/express/lib/router/index.js:280:10)
    at Function.handle (/home/aplicacion/projects/Sistema_Control_Condominios/backend/node_modules/express/lib/router/index.js:175:3)
    at router (/home/aplicacion/projects/Sistema_Control_Condominios/backend/node_modules/express/lib/router/index.js:47:12)
    at Layer.handle [as handle_request] (/home/aplicacion/projects/Sistema_Control_Condominios/backend/node_modules/express/lib/router/layer.js:95:5) {
  status: 401
}
[0mGET /api/condominiums [33m401[0m 5.777 ms - 90[0m
[API_ERROR] Error: Solo la organización Smart3AI tiene acceso a esta instancia.
    at enforceOwnerOnlyPolicy (file:///home/aplicacion/projects/Sistema_Control_Condominios/backend/src/middlewares/authMiddleware.js:49:19)
    at authenticate (file:///home/aplicacion/projects/Sistema_Control_Condominios/backend/src/middlewares/authMiddleware.js:67:5)
    at Layer.handle [as handle_request] (/home/aplicacion/projects/Sistema_Control_Condominios/backend/node_modules/express/lib/router/layer.js:95:5)
    at trim_prefix (/home/aplicacion/projects/Sistema_Control_Condominios/backend/node_modules/express/lib/router/index.js:328:13)
    at /home/aplicacion/projects/Sistema_Control_Condominios/backend/node_modules/express/lib/router/index.js:286:9
    at Function.process_params (/home/aplicacion/projects/Sistema_Control_Condominios/backend/node_modules/express/lib/router/index.js:346:12)
    at next (/home/aplicacion/projects/Sistema_Control_Condominios/backend/node_modules/express/lib/router/index.js:280:10)
    at Function.handle (/home/aplicacion/projects/Sistema_Control_Condominios/backend/node_modules/express/lib/router/index.js:175:3)
    at router (/home/aplicacion/projects/Sistema_Control_Condominios/backend/node_modules/express/lib/router/index.js:47:12)
    at Layer.handle [as handle_request] (/home/aplicacion/projects/Sistema_Control_Condominios/backend/node_modules/express/lib/router/layer.js:95:5) {
  status: 401
}
[0mGET /api/users?page=1&limit=20 [33m401[0m 4.468 ms - 90[0m
[API_ERROR] Error: Solo la organización Smart3AI tiene acceso a esta instancia.
    at enforceOwnerOnlyPolicy (file:///home/aplicacion/projects/Sistema_Control_Condominios/backend/src/middlewares/authMiddleware.js:49:19)
    at authenticate (file:///home/aplicacion/projects/Sistema_Control_Condominios/backend/src/middlewares/authMiddleware.js:67:5)
    at Layer.handle [as handle_request] (/home/aplicacion/projects/Sistema_Control_Condominios/backend/node_modules/express/lib/router/layer.js:95:5)
    at trim_prefix (/home/aplicacion/projects/Sistema_Control_Condominios/backend/node_modules/express/lib/router/index.js:328:13)
    at /home/aplicacion/projects/Sistema_Control_Condominios/backend/node_modules/express/lib/router/index.js:286:9
    at Function.process_params (/home/aplicacion/projects/Sistema_Control_Condominios/backend/node_modules/express/lib/router/index.js:346:12)
    at next (/home/aplicacion/projects/Sistema_Control_Condominios/backend/node_modules/express/lib/router/index.js:280:10)
    at Function.handle (/home/aplicacion/projects/Sistema_Control_Condominios/backend/node_modules/express/lib/router/index.js:175:3)
    at router (/home/aplicacion/projects/Sistema_Control_Condominios/backend/node_modules/express/lib/router/index.js:47:12)
    at Layer.handle [as handle_request] (/home/aplicacion/projects/Sistema_Control_Condominios/backend/node_modules/express/lib/router/layer.js:95:5) {
  status: 401
}
[0mGET /api/notifications [33m401[0m 5.146 ms - 90[0m
[API_ERROR] Error: Solo la organización Smart3AI tiene acceso a esta instancia.
    at enforceOwnerOnlyPolicy (file:///home/aplicacion/projects/Sistema_Control_Condominios/backend/src/middlewares/authMiddleware.js:49:19)
    at authenticate (file:///home/aplicacion/projects/Sistema_Control_Condominios/backend/src/middlewares/authMiddleware.js:67:5)
    at Layer.handle [as handle_request] (/home/aplicacion/projects/Sistema_Control_Condominios/backend/node_modules/express/lib/router/layer.js:95:5)
    at trim_prefix (/home/aplicacion/projects/Sistema_Control_Condominios/backend/node_modules/express/lib/router/index.js:328:13)
    at /home/aplicacion/projects/Sistema_Control_Condominios/backend/node_modules/express/lib/router/index.js:286:9
    at Function.process_params (/home/aplicacion/projects/Sistema_Control_Condominios/backend/node_modules/express/lib/router/index.js:346:12)
    at next (/home/aplicacion/projects/Sistema_Control_Condominios/backend/node_modules/express/lib/router/index.js:280:10)
    at Function.handle (/home/aplicacion/projects/Sistema_Control_Condominios/backend/node_modules/express/lib/router/index.js:175:3)
    at router (/home/aplicacion/projects/Sistema_Control_Condominios/backend/node_modules/express/lib/router/index.js:47:12)
    at Layer.handle [as handle_request] (/home/aplicacion/projects/Sistema_Control_Condominios/backend/node_modules/express/lib/router/layer.js:95:5) {
  status: 401
}
[0mGET /api/dashboard/metrics [33m401[0m 6.077 ms - 90[0m
[API_ERROR] Error: Solo la organización Smart3AI tiene acceso a esta instancia.
    at enforceOwnerOnlyPolicy (file:///home/aplicacion/projects/Sistema_Control_Condominios/backend/src/middlewares/authMiddleware.js:49:19)
    at authenticate (file:///home/aplicacion/projects/Sistema_Control_Condominios/backend/src/middlewares/authMiddleware.js:67:5)
    at Layer.handle [as handle_request] (/home/aplicacion/projects/Sistema_Control_Condominios/backend/node_modules/express/lib/router/layer.js:95:5)
    at trim_prefix (/home/aplicacion/projects/Sistema_Control_Condominios/backend/node_modules/express/lib/router/index.js:328:13)
    at /home/aplicacion/projects/Sistema_Control_Condominios/backend/node_modules/express/lib/router/index.js:286:9
    at Function.process_params (/home/aplicacion/projects/Sistema_Control_Condominios/backend/node_modules/express/lib/router/index.js:346:12)
    at next (/home/aplicacion/projects/Sistema_Control_Condominios/backend/node_modules/express/lib/router/index.js:280:10)
    at Function.handle (/home/aplicacion/projects/Sistema_Control_Condominios/backend/node_modules/express/lib/router/index.js:175:3)
    at router (/home/aplicacion/projects/Sistema_Control_Condominios/backend/node_modules/express/lib/router/index.js:47:12)
    at Layer.handle [as handle_request] (/home/aplicacion/projects/Sistema_Control_Condominios/backend/node_modules/express/lib/router/layer.js:95:5) {
  status: 401
}
[0mGET /api/notifications [33m401[0m 4.189 ms - 90[0m
[API_ERROR] Error: Solo la organización Smart3AI tiene acceso a esta instancia.
    at enforceOwnerOnlyPolicy (file:///home/aplicacion/projects/Sistema_Control_Condominios/backend/src/middlewares/authMiddleware.js:49:19)
    at authenticate (file:///home/aplicacion/projects/Sistema_Control_Condominios/backend/src/middlewares/authMiddleware.js:67:5)
    at Layer.handle [as handle_request] (/home/aplicacion/projects/Sistema_Control_Condominios/backend/node_modules/express/lib/router/layer.js:95:5)
    at trim_prefix (/home/aplicacion/projects/Sistema_Control_Condominios/backend/node_modules/express/lib/router/index.js:328:13)
    at /home/aplicacion/projects/Sistema_Control_Condominios/backend/node_modules/express/lib/router/index.js:286:9
    at Function.process_params (/home/aplicacion/projects/Sistema_Control_Condominios/backend/node_modules/express/lib/router/index.js:346:12)
    at next (/home/aplicacion/projects/Sistema_Control_Condominios/backend/node_modules/express/lib/router/index.js:280:10)
    at Function.handle (/home/aplicacion/projects/Sistema_Control_Condominios/backend/node_modules/express/lib/router/index.js:175:3)
    at router (/home/aplicacion/projects/Sistema_Control_Condominios/backend/node_modules/express/lib/router/index.js:47:12)
    at Layer.handle [as handle_request] (/home/aplicacion/projects/Sistema_Control_Condominios/backend/node_modules/express/lib/router/layer.js:95:5) {
  status: 401
}
[0mGET /api/dashboard/metrics [33m401[0m 3.497 ms - 90[0m
[API_ERROR] Error: Solo la organización Smart3AI tiene acceso a esta instancia.
    at enforceOwnerOnlyPolicy (file:///home/aplicacion/projects/Sistema_Control_Condominios/backend/src/middlewares/authMiddleware.js:49:19)
    at authenticate (file:///home/aplicacion/projects/Sistema_Control_Condominios/backend/src/middlewares/authMiddleware.js:67:5)
    at Layer.handle [as handle_request] (/home/aplicacion/projects/Sistema_Control_Condominios/backend/node_modules/express/lib/router/layer.js:95:5)
    at trim_prefix (/home/aplicacion/projects/Sistema_Control_Condominios/backend/node_modules/express/lib/router/index.js:328:13)
    at /home/aplicacion/projects/Sistema_Control_Condominios/backend/node_modules/express/lib/router/index.js:286:9
    at Function.process_params (/home/aplicacion/projects/Sistema_Control_Condominios/backend/node_modules/express/lib/router/index.js:346:12)
    at next (/home/aplicacion/projects/Sistema_Control_Condominios/backend/node_modules/express/lib/router/index.js:280:10)
    at Function.handle (/home/aplicacion/projects/Sistema_Control_Condominios/backend/node_modules/express/lib/router/index.js:175:3)
    at router (/home/aplicacion/projects/Sistema_Control_Condominios/backend/node_modules/express/lib/router/index.js:47:12)
    at Layer.handle [as handle_request] (/home/aplicacion/projects/Sistema_Control_Condominios/backend/node_modules/express/lib/router/layer.js:95:5) {
  status: 401
}
[0mGET /api/users?page=1&limit=20 [33m401[0m 4.283 ms - 90[0m
[API_ERROR] Error: Solo la organización Smart3AI tiene acceso a esta instancia.
    at enforceOwnerOnlyPolicy (file:///home/aplicacion/projects/Sistema_Control_Condominios/backend/src/middlewares/authMiddleware.js:49:19)
    at authenticate (file:///home/aplicacion/projects/Sistema_Control_Condominios/backend/src/middlewares/authMiddleware.js:67:5)
    at Layer.handle [as handle_request] (/home/aplicacion/projects/Sistema_Control_Condominios/backend/node_modules/express/lib/router/layer.js:95:5)
    at trim_prefix (/home/aplicacion/projects/Sistema_Control_Condominios/backend/node_modules/express/lib/router/index.js:328:13)
    at /home/aplicacion/projects/Sistema_Control_Condominios/backend/node_modules/express/lib/router/index.js:286:9
    at Function.process_params (/home/aplicacion/projects/Sistema_Control_Condominios/backend/node_modules/express/lib/router/index.js:346:12)
    at next (/home/aplicacion/projects/Sistema_Control_Condominios/backend/node_modules/express/lib/router/index.js:280:10)
    at Function.handle (/home/aplicacion/projects/Sistema_Control_Condominios/backend/node_modules/express/lib/router/index.js:175:3)
    at router (/home/aplicacion/projects/Sistema_Control_Condominios/backend/node_modules/express/lib/router/index.js:47:12)
    at Layer.handle [as handle_request] (/home/aplicacion/projects/Sistema_Control_Condominios/backend/node_modules/express/lib/router/layer.js:95:5) {
  status: 401
}
[0mGET /api/condominiums [33m401[0m 5.955 ms - 90[0m
[API_ERROR] Error: Solo la organización Smart3AI tiene acceso a esta instancia.
    at enforceOwnerOnlyPolicy (file:///home/aplicacion/projects/Sistema_Control_Condominios/backend/src/middlewares/authMiddleware.js:49:19)
    at authenticate (file:///home/aplicacion/projects/Sistema_Control_Condominios/backend/src/middlewares/authMiddleware.js:67:5)
    at Layer.handle [as handle_request] (/home/aplicacion/projects/Sistema_Control_Condominios/backend/node_modules/express/lib/router/layer.js:95:5)
    at trim_prefix (/home/aplicacion/projects/Sistema_Control_Condominios/backend/node_modules/express/lib/router/index.js:328:13)
    at /home/aplicacion/projects/Sistema_Control_Condominios/backend/node_modules/express/lib/router/index.js:286:9
    at Function.process_params (/home/aplicacion/projects/Sistema_Control_Condominios/backend/node_modules/express/lib/router/index.js:346:12)
    at next (/home/aplicacion/projects/Sistema_Control_Condominios/backend/node_modules/express/lib/router/index.js:280:10)
    at Function.handle (/home/aplicacion/projects/Sistema_Control_Condominios/backend/node_modules/express/lib/router/index.js:175:3)
    at router (/home/aplicacion/projects/Sistema_Control_Condominios/backend/node_modules/express/lib/router/index.js:47:12)
    at Layer.handle [as handle_request] (/home/aplicacion/projects/Sistema_Control_Condominios/backend/node_modules/express/lib/router/layer.js:95:5) {
  status: 401
}
[0mGET /api/condominiums [33m401[0m 3.105 ms - 90[0m
[API_ERROR] Error: Solo la organización Smart3AI tiene acceso a esta instancia.
    at enforceOwnerOnlyPolicy (file:///home/aplicacion/projects/Sistema_Control_Condominios/backend/src/middlewares/authMiddleware.js:49:19)
    at authenticate (file:///home/aplicacion/projects/Sistema_Control_Condominios/backend/src/middlewares/authMiddleware.js:67:5)
    at Layer.handle [as handle_request] (/home/aplicacion/projects/Sistema_Control_Condominios/backend/node_modules/express/lib/router/layer.js:95:5)
    at trim_prefix (/home/aplicacion/projects/Sistema_Control_Condominios/backend/node_modules/express/lib/router/index.js:328:13)
    at /home/aplicacion/projects/Sistema_Control_Condominios/backend/node_modules/express/lib/router/index.js:286:9
    at Function.process_params (/home/aplicacion/projects/Sistema_Control_Condominios/backend/node_modules/express/lib/router/index.js:346:12)
    at next (/home/aplicacion/projects/Sistema_Control_Condominios/backend/node_modules/express/lib/router/index.js:280:10)
    at Function.handle (/home/aplicacion/projects/Sistema_Control_Condominios/backend/node_modules/express/lib/router/index.js:175:3)
    at router (/home/aplicacion/projects/Sistema_Control_Condominios/backend/node_modules/express/lib/router/index.js:47:12)
    at Layer.handle [as handle_request] (/home/aplicacion/projects/Sistema_Control_Condominios/backend/node_modules/express/lib/router/layer.js:95:5) {
  status: 401
}
[0mGET /api/residents/history [33m401[0m 4.435 ms - 90[0m
[API_ERROR] Error: Solo la organización Smart3AI tiene acceso a esta instancia.
    at enforceOwnerOnlyPolicy (file:///home/aplicacion/projects/Sistema_Control_Condominios/backend/src/middlewares/authMiddleware.js:49:19)
    at authenticate (file:///home/aplicacion/projects/Sistema_Control_Condominios/backend/src/middlewares/authMiddleware.js:67:5)
    at Layer.handle [as handle_request] (/home/aplicacion/projects/Sistema_Control_Condominios/backend/node_modules/express/lib/router/layer.js:95:5)
    at trim_prefix (/home/aplicacion/projects/Sistema_Control_Condominios/backend/node_modules/express/lib/router/index.js:328:13)
    at /home/aplicacion/projects/Sistema_Control_Condominios/backend/node_modules/express/lib/router/index.js:286:9
    at Function.process_params (/home/aplicacion/projects/Sistema_Control_Condominios/backend/node_modules/express/lib/router/index.js:346:12)
    at next (/home/aplicacion/projects/Sistema_Control_Condominios/backend/node_modules/express/lib/router/index.js:280:10)
    at Function.handle (/home/aplicacion/projects/Sistema_Control_Condominios/backend/node_modules/express/lib/router/index.js:175:3)
    at router (/home/aplicacion/projects/Sistema_Control_Condominios/backend/node_modules/express/lib/router/index.js:47:12)
    at Layer.handle [as handle_request] (/home/aplicacion/projects/Sistema_Control_Condominios/backend/node_modules/express/lib/router/layer.js:95:5) {
  status: 401
}
[0mGET /api/residents/history [33m401[0m 4.013 ms - 90[0m
[API_ERROR] Error: Solo la organización Smart3AI tiene acceso a esta instancia.
    at enforceOwnerOnlyPolicy (file:///home/aplicacion/projects/Sistema_Control_Condominios/backend/src/middlewares/authMiddleware.js:49:19)
    at authenticate (file:///home/aplicacion/projects/Sistema_Control_Condominios/backend/src/middlewares/authMiddleware.js:67:5)
    at Layer.handle [as handle_request] (/home/aplicacion/projects/Sistema_Control_Condominios/backend/node_modules/express/lib/router/layer.js:95:5)
    at trim_prefix (/home/aplicacion/projects/Sistema_Control_Condominios/backend/node_modules/express/lib/router/index.js:328:13)
    at /home/aplicacion/projects/Sistema_Control_Condominios/backend/node_modules/express/lib/router/index.js:286:9
    at Function.process_params (/home/aplicacion/projects/Sistema_Control_Condominios/backend/node_modules/express/lib/router/index.js:346:12)
    at next (/home/aplicacion/projects/Sistema_Control_Condominios/backend/node_modules/express/lib/router/index.js:280:10)
    at Function.handle (/home/aplicacion/projects/Sistema_Control_Condominios/backend/node_modules/express/lib/router/index.js:175:3)
    at router (/home/aplicacion/projects/Sistema_Control_Condominios/backend/node_modules/express/lib/router/index.js:47:12)
    at Layer.handle [as handle_request] (/home/aplicacion/projects/Sistema_Control_Condominios/backend/node_modules/express/lib/router/layer.js:95:5) {
  status: 401
}
[0mGET /api/payments/fees?page=1&limit=20 [33m401[0m 3.156 ms - 90[0m
[API_ERROR] Error: Solo la organización Smart3AI tiene acceso a esta instancia.
    at enforceOwnerOnlyPolicy (file:///home/aplicacion/projects/Sistema_Control_Condominios/backend/src/middlewares/authMiddleware.js:49:19)
    at authenticate (file:///home/aplicacion/projects/Sistema_Control_Condominios/backend/src/middlewares/authMiddleware.js:67:5)
    at Layer.handle [as handle_request] (/home/aplicacion/projects/Sistema_Control_Condominios/backend/node_modules/express/lib/router/layer.js:95:5)
    at trim_prefix (/home/aplicacion/projects/Sistema_Control_Condominios/backend/node_modules/express/lib/router/index.js:328:13)
    at /home/aplicacion/projects/Sistema_Control_Condominios/backend/node_modules/express/lib/router/index.js:286:9
    at Function.process_params (/home/aplicacion/projects/Sistema_Control_Condominios/backend/node_modules/express/lib/router/index.js:346:12)
    at next (/home/aplicacion/projects/Sistema_Control_Condominios/backend/node_modules/express/lib/router/index.js:280:10)
    at Function.handle (/home/aplicacion/projects/Sistema_Control_Condominios/backend/node_modules/express/lib/router/index.js:175:3)
    at router (/home/aplicacion/projects/Sistema_Control_Condominios/backend/node_modules/express/lib/router/index.js:47:12)
    at Layer.handle [as handle_request] (/home/aplicacion/projects/Sistema_Control_Condominios/backend/node_modules/express/lib/router/layer.js:95:5) {
  status: 401
}
[0mGET /api/reservations [33m401[0m 7.553 ms - 90[0m
[API_ERROR] Error: Solo la organización Smart3AI tiene acceso a esta instancia.
    at enforceOwnerOnlyPolicy (file:///home/aplicacion/projects/Sistema_Control_Condominios/backend/src/middlewares/authMiddleware.js:49:19)
    at authenticate (file:///home/aplicacion/projects/Sistema_Control_Condominios/backend/src/middlewares/authMiddleware.js:67:5)
    at Layer.handle [as handle_request] (/home/aplicacion/projects/Sistema_Control_Condominios/backend/node_modules/express/lib/router/layer.js:95:5)
    at trim_prefix (/home/aplicacion/projects/Sistema_Control_Condominios/backend/node_modules/express/lib/router/index.js:328:13)
    at /home/aplicacion/projects/Sistema_Control_Condominios/backend/node_modules/express/lib/router/index.js:286:9
    at Function.process_params (/home/aplicacion/projects/Sistema_Control_Condominios/backend/node_modules/express/lib/router/index.js:346:12)
    at next (/home/aplicacion/projects/Sistema_Control_Condominios/backend/node_modules/express/lib/router/index.js:280:10)
    at Function.handle (/home/aplicacion/projects/Sistema_Control_Condominios/backend/node_modules/express/lib/router/index.js:175:3)
    at router (/home/aplicacion/projects/Sistema_Control_Condominios/backend/node_modules/express/lib/router/index.js:47:12)
    at Layer.handle [as handle_request] (/home/aplicacion/projects/Sistema_Control_Condominios/backend/node_modules/express/lib/router/layer.js:95:5) {
  status: 401
}
[0mGET /api/reservations [33m401[0m 3.960 ms - 90[0m
[API_ERROR] Error: Solo la organización Smart3AI tiene acceso a esta instancia.
    at enforceOwnerOnlyPolicy (file:///home/aplicacion/projects/Sistema_Control_Condominios/backend/src/middlewares/authMiddleware.js:49:19)
    at authenticate (file:///home/aplicacion/projects/Sistema_Control_Condominios/backend/src/middlewares/authMiddleware.js:67:5)
    at Layer.handle [as handle_request] (/home/aplicacion/projects/Sistema_Control_Condominios/backend/node_modules/express/lib/router/layer.js:95:5)
    at trim_prefix (/home/aplicacion/projects/Sistema_Control_Condominios/backend/node_modules/express/lib/router/index.js:328:13)
    at /home/aplicacion/projects/Sistema_Control_Condominios/backend/node_modules/express/lib/router/index.js:286:9
    at Function.process_params (/home/aplicacion/projects/Sistema_Control_Condominios/backend/node_modules/express/lib/router/index.js:346:12)
    at next (/home/aplicacion/projects/Sistema_Control_Condominios/backend/node_modules/express/lib/router/index.js:280:10)
    at Function.handle (/home/aplicacion/projects/Sistema_Control_Condominios/backend/node_modules/express/lib/router/index.js:175:3)
    at router (/home/aplicacion/projects/Sistema_Control_Condominios/backend/node_modules/express/lib/router/index.js:47:12)
    at Layer.handle [as handle_request] (/home/aplicacion/projects/Sistema_Control_Condominios/backend/node_modules/express/lib/router/layer.js:95:5) {
  status: 401
}
[0mGET /api/visits?page=1&limit=20 [33m401[0m 3.910 ms - 90[0m
[API_ERROR] Error: Solo la organización Smart3AI tiene acceso a esta instancia.
    at enforceOwnerOnlyPolicy (file:///home/aplicacion/projects/Sistema_Control_Condominios/backend/src/middlewares/authMiddleware.js:49:19)
    at authenticate (file:///home/aplicacion/projects/Sistema_Control_Condominios/backend/src/middlewares/authMiddleware.js:67:5)
    at Layer.handle [as handle_request] (/home/aplicacion/projects/Sistema_Control_Condominios/backend/node_modules/express/lib/router/layer.js:95:5)
    at trim_prefix (/home/aplicacion/projects/Sistema_Control_Condominios/backend/node_modules/express/lib/router/index.js:328:13)
    at /home/aplicacion/projects/Sistema_Control_Condominios/backend/node_modules/express/lib/router/index.js:286:9
    at Function.process_params (/home/aplicacion/projects/Sistema_Control_Condominios/backend/node_modules/express/lib/router/index.js:346:12)
    at next (/home/aplicacion/projects/Sistema_Control_Condominios/backend/node_modules/express/lib/router/index.js:280:10)
    at Function.handle (/home/aplicacion/projects/Sistema_Control_Condominios/backend/node_modules/express/lib/router/index.js:175:3)
    at router (/home/aplicacion/projects/Sistema_Control_Condominios/backend/node_modules/express/lib/router/index.js:47:12)
    at Layer.handle [as handle_request] (/home/aplicacion/projects/Sistema_Control_Condominios/backend/node_modules/express/lib/router/layer.js:95:5) {
  status: 401
}
[0mGET /api/maintenance?page=1&limit=20 [33m401[0m 2.495 ms - 90[0m
[32m[nodemon] restarting due to changes...[39m
[32m[nodemon] restarting due to changes...[39m
[32m[nodemon] starting `node src/server.js`[39m
Server running on port 3003
[0mPOST /api/auth/login [33m401[0m 101.806 ms - 33[0m
[32m[nodemon] restarting due to changes...[39m
[32m[nodemon] starting `node src/server.js`[39m
Server running on port 3003
[32m[nodemon] restarting due to changes...[39m
[32m[nodemon] starting `node src/server.js`[39m
[32m[nodemon] restarting due to changes...[39m
[32m[nodemon] starting `node src/server.js`[39m
Server running on port 3003
[0mPOST /api/auth/login [32m200[0m 126.829 ms - 406[0m
[0mPOST /api/auth/login [32m200[0m 188.828 ms - 406[0m
[0mPOST /api/auth/login [32m200[0m 22.808 ms - 406[0m
[API_ERROR] Error: Solo la organización Smart3AI tiene acceso a esta instancia.
    at enforceOwnerOnlyPolicy (file:///home/aplicacion/projects/Sistema_Control_Condominios/backend/src/middlewares/authMiddleware.js:49:19)
    at authenticate (file:///home/aplicacion/projects/Sistema_Control_Condominios/backend/src/middlewares/authMiddleware.js:67:5)
    at Layer.handle [as handle_request] (/home/aplicacion/projects/Sistema_Control_Condominios/backend/node_modules/express/lib/router/layer.js:95:5)
    at trim_prefix (/home/aplicacion/projects/Sistema_Control_Condominios/backend/node_modules/express/lib/router/index.js:328:13)
    at /home/aplicacion/projects/Sistema_Control_Condominios/backend/node_modules/express/lib/router/index.js:286:9
    at Function.process_params (/home/aplicacion/projects/Sistema_Control_Condominios/backend/node_modules/express/lib/router/index.js:346:12)
    at next (/home/aplicacion/projects/Sistema_Control_Condominios/backend/node_modules/express/lib/router/index.js:280:10)
    at Function.handle (/home/aplicacion/projects/Sistema_Control_Condominios/backend/node_modules/express/lib/router/index.js:175:3)
    at router (/home/aplicacion/projects/Sistema_Control_Condominios/backend/node_modules/express/lib/router/index.js:47:12)
    at Layer.handle [as handle_request] (/home/aplicacion/projects/Sistema_Control_Condominios/backend/node_modules/express/lib/router/layer.js:95:5) {
  status: 401
}
[0mGET /api/dashboard/metrics [33m401[0m 44.934 ms - 90[0m
[API_ERROR] Error: Solo la organización Smart3AI tiene acceso a esta instancia.
    at enforceOwnerOnlyPolicy (file:///home/aplicacion/projects/Sistema_Control_Condominios/backend/src/middlewares/authMiddleware.js:49:19)
    at authenticate (file:///home/aplicacion/projects/Sistema_Control_Condominios/backend/src/middlewares/authMiddleware.js:67:5)
    at Layer.handle [as handle_request] (/home/aplicacion/projects/Sistema_Control_Condominios/backend/node_modules/express/lib/router/layer.js:95:5)
    at trim_prefix (/home/aplicacion/projects/Sistema_Control_Condominios/backend/node_modules/express/lib/router/index.js:328:13)
    at /home/aplicacion/projects/Sistema_Control_Condominios/backend/node_modules/express/lib/router/index.js:286:9
    at Function.process_params (/home/aplicacion/projects/Sistema_Control_Condominios/backend/node_modules/express/lib/router/index.js:346:12)
    at next (/home/aplicacion/projects/Sistema_Control_Condominios/backend/node_modules/express/lib/router/index.js:280:10)
    at Function.handle (/home/aplicacion/projects/Sistema_Control_Condominios/backend/node_modules/express/lib/router/index.js:175:3)
    at router (/home/aplicacion/projects/Sistema_Control_Condominios/backend/node_modules/express/lib/router/index.js:47:12)
    at Layer.handle [as handle_request] (/home/aplicacion/projects/Sistema_Control_Condominios/backend/node_modules/express/lib/router/layer.js:95:5) {
  status: 401
}
[0mGET /api/notifications [33m401[0m 9.656 ms - 90[0m
[API_ERROR] Error: Solo la organización Smart3AI tiene acceso a esta instancia.
    at enforceOwnerOnlyPolicy (file:///home/aplicacion/projects/Sistema_Control_Condominios/backend/src/middlewares/authMiddleware.js:49:19)
    at authenticate (file:///home/aplicacion/projects/Sistema_Control_Condominios/backend/src/middlewares/authMiddleware.js:67:5)
    at Layer.handle [as handle_request] (/home/aplicacion/projects/Sistema_Control_Condominios/backend/node_modules/express/lib/router/layer.js:95:5)
    at trim_prefix (/home/aplicacion/projects/Sistema_Control_Condominios/backend/node_modules/express/lib/router/index.js:328:13)
    at /home/aplicacion/projects/Sistema_Control_Condominios/backend/node_modules/express/lib/router/index.js:286:9
    at Function.process_params (/home/aplicacion/projects/Sistema_Control_Condominios/backend/node_modules/express/lib/router/index.js:346:12)
    at next (/home/aplicacion/projects/Sistema_Control_Condominios/backend/node_modules/express/lib/router/index.js:280:10)
    at Function.handle (/home/aplicacion/projects/Sistema_Control_Condominios/backend/node_modules/express/lib/router/index.js:175:3)
    at router (/home/aplicacion/projects/Sistema_Control_Condominios/backend/node_modules/express/lib/router/index.js:47:12)
    at Layer.handle [as handle_request] (/home/aplicacion/projects/Sistema_Control_Condominios/backend/node_modules/express/lib/router/layer.js:95:5) {
  status: 401
}
[0mGET /api/dashboard/metrics [33m401[0m 11.016 ms - 90[0m
[API_ERROR] Error: Solo la organización Smart3AI tiene acceso a esta instancia.
    at enforceOwnerOnlyPolicy (file:///home/aplicacion/projects/Sistema_Control_Condominios/backend/src/middlewares/authMiddleware.js:49:19)
    at authenticate (file:///home/aplicacion/projects/Sistema_Control_Condominios/backend/src/middlewares/authMiddleware.js:67:5)
    at Layer.handle [as handle_request] (/home/aplicacion/projects/Sistema_Control_Condominios/backend/node_modules/express/lib/router/layer.js:95:5)
    at trim_prefix (/home/aplicacion/projects/Sistema_Control_Condominios/backend/node_modules/express/lib/router/index.js:328:13)
    at /home/aplicacion/projects/Sistema_Control_Condominios/backend/node_modules/express/lib/router/index.js:286:9
    at Function.process_params (/home/aplicacion/projects/Sistema_Control_Condominios/backend/node_modules/express/lib/router/index.js:346:12)
    at next (/home/aplicacion/projects/Sistema_Control_Condominios/backend/node_modules/express/lib/router/index.js:280:10)
    at Function.handle (/home/aplicacion/projects/Sistema_Control_Condominios/backend/node_modules/express/lib/router/index.js:175:3)
    at router (/home/aplicacion/projects/Sistema_Control_Condominios/backend/node_modules/express/lib/router/index.js:47:12)
    at Layer.handle [as handle_request] (/home/aplicacion/projects/Sistema_Control_Condominios/backend/node_modules/express/lib/router/layer.js:95:5) {
  status: 401
}
[0mGET /api/notifications [33m401[0m 7.662 ms - 90[0m
[API_ERROR] Error: Solo la organización Smart3AI tiene acceso a esta instancia.
    at enforceOwnerOnlyPolicy (file:///home/aplicacion/projects/Sistema_Control_Condominios/backend/src/middlewares/authMiddleware.js:49:19)
    at authenticate (file:///home/aplicacion/projects/Sistema_Control_Condominios/backend/src/middlewares/authMiddleware.js:67:5)
    at Layer.handle [as handle_request] (/home/aplicacion/projects/Sistema_Control_Condominios/backend/node_modules/express/lib/router/layer.js:95:5)
    at trim_prefix (/home/aplicacion/projects/Sistema_Control_Condominios/backend/node_modules/express/lib/router/index.js:328:13)
    at /home/aplicacion/projects/Sistema_Control_Condominios/backend/node_modules/express/lib/router/index.js:286:9
    at Function.process_params (/home/aplicacion/projects/Sistema_Control_Condominios/backend/node_modules/express/lib/router/index.js:346:12)
    at next (/home/aplicacion/projects/Sistema_Control_Condominios/backend/node_modules/express/lib/router/index.js:280:10)
    at Function.handle (/home/aplicacion/projects/Sistema_Control_Condominios/backend/node_modules/express/lib/router/index.js:175:3)
    at router (/home/aplicacion/projects/Sistema_Control_Condominios/backend/node_modules/express/lib/router/index.js:47:12)
    at Layer.handle [as handle_request] (/home/aplicacion/projects/Sistema_Control_Condominios/backend/node_modules/express/lib/router/layer.js:95:5) {
  status: 401
}
[0mGET /api/users?page=1&limit=20 [33m401[0m 24.362 ms - 90[0m
[API_ERROR] Error: Solo la organización Smart3AI tiene acceso a esta instancia.
    at enforceOwnerOnlyPolicy (file:///home/aplicacion/projects/Sistema_Control_Condominios/backend/src/middlewares/authMiddleware.js:49:19)
    at authenticate (file:///home/aplicacion/projects/Sistema_Control_Condominios/backend/src/middlewares/authMiddleware.js:67:5)
    at Layer.handle [as handle_request] (/home/aplicacion/projects/Sistema_Control_Condominios/backend/node_modules/express/lib/router/layer.js:95:5)
    at trim_prefix (/home/aplicacion/projects/Sistema_Control_Condominios/backend/node_modules/express/lib/router/index.js:328:13)
    at /home/aplicacion/projects/Sistema_Control_Condominios/backend/node_modules/express/lib/router/index.js:286:9
    at Function.process_params (/home/aplicacion/projects/Sistema_Control_Condominios/backend/node_modules/express/lib/router/index.js:346:12)
    at next (/home/aplicacion/projects/Sistema_Control_Condominios/backend/node_modules/express/lib/router/index.js:280:10)
    at Function.handle (/home/aplicacion/projects/Sistema_Control_Condominios/backend/node_modules/express/lib/router/index.js:175:3)
    at router (/home/aplicacion/projects/Sistema_Control_Condominios/backend/node_modules/express/lib/router/index.js:47:12)
    at Layer.handle [as handle_request] (/home/aplicacion/projects/Sistema_Control_Condominios/backend/node_modules/express/lib/router/layer.js:95:5) {
  status: 401
}
[0mGET /api/dashboard/metrics [33m401[0m 6.029 ms - 90[0m
[API_ERROR] Error: Solo la organización Smart3AI tiene acceso a esta instancia.
    at enforceOwnerOnlyPolicy (file:///home/aplicacion/projects/Sistema_Control_Condominios/backend/src/middlewares/authMiddleware.js:49:19)
    at authenticate (file:///home/aplicacion/projects/Sistema_Control_Condominios/backend/src/middlewares/authMiddleware.js:67:5)
    at Layer.handle [as handle_request] (/home/aplicacion/projects/Sistema_Control_Condominios/backend/node_modules/express/lib/router/layer.js:95:5)
    at trim_prefix (/home/aplicacion/projects/Sistema_Control_Condominios/backend/node_modules/express/lib/router/index.js:328:13)
    at /home/aplicacion/projects/Sistema_Control_Condominios/backend/node_modules/express/lib/router/index.js:286:9
    at Function.process_params (/home/aplicacion/projects/Sistema_Control_Condominios/backend/node_modules/express/lib/router/index.js:346:12)
    at next (/home/aplicacion/projects/Sistema_Control_Condominios/backend/node_modules/express/lib/router/index.js:280:10)
    at Function.handle (/home/aplicacion/projects/Sistema_Control_Condominios/backend/node_modules/express/lib/router/index.js:175:3)
    at router (/home/aplicacion/projects/Sistema_Control_Condominios/backend/node_modules/express/lib/router/index.js:47:12)
    at Layer.handle [as handle_request] (/home/aplicacion/projects/Sistema_Control_Condominios/backend/node_modules/express/lib/router/layer.js:95:5) {
  status: 401
}
[0mGET /api/notifications [33m401[0m 6.329 ms - 90[0m
[API_ERROR] Error: Solo la organización Smart3AI tiene acceso a esta instancia.
    at enforceOwnerOnlyPolicy (file:///home/aplicacion/projects/Sistema_Control_Condominios/backend/src/middlewares/authMiddleware.js:49:19)
    at authenticate (file:///home/aplicacion/projects/Sistema_Control_Condominios/backend/src/middlewares/authMiddleware.js:67:5)
    at Layer.handle [as handle_request] (/home/aplicacion/projects/Sistema_Control_Condominios/backend/node_modules/express/lib/router/layer.js:95:5)
    at trim_prefix (/home/aplicacion/projects/Sistema_Control_Condominios/backend/node_modules/express/lib/router/index.js:328:13)
    at /home/aplicacion/projects/Sistema_Control_Condominios/backend/node_modules/express/lib/router/index.js:286:9
    at Function.process_params (/home/aplicacion/projects/Sistema_Control_Condominios/backend/node_modules/express/lib/router/index.js:346:12)
    at next (/home/aplicacion/projects/Sistema_Control_Condominios/backend/node_modules/express/lib/router/index.js:280:10)
    at Function.handle (/home/aplicacion/projects/Sistema_Control_Condominios/backend/node_modules/express/lib/router/index.js:175:3)
    at router (/home/aplicacion/projects/Sistema_Control_Condominios/backend/node_modules/express/lib/router/index.js:47:12)
    at Layer.handle [as handle_request] (/home/aplicacion/projects/Sistema_Control_Condominios/backend/node_modules/express/lib/router/layer.js:95:5) {
  status: 401
}
[0mGET /api/dashboard/metrics [33m401[0m 8.074 ms - 90[0m
[API_ERROR] Error: Solo la organización Smart3AI tiene acceso a esta instancia.
    at enforceOwnerOnlyPolicy (file:///home/aplicacion/projects/Sistema_Control_Condominios/backend/src/middlewares/authMiddleware.js:49:19)
    at authenticate (file:///home/aplicacion/projects/Sistema_Control_Condominios/backend/src/middlewares/authMiddleware.js:67:5)
    at Layer.handle [as handle_request] (/home/aplicacion/projects/Sistema_Control_Condominios/backend/node_modules/express/lib/router/layer.js:95:5)
    at trim_prefix (/home/aplicacion/projects/Sistema_Control_Condominios/backend/node_modules/express/lib/router/index.js:328:13)
    at /home/aplicacion/projects/Sistema_Control_Condominios/backend/node_modules/express/lib/router/index.js:286:9
    at Function.process_params (/home/aplicacion/projects/Sistema_Control_Condominios/backend/node_modules/express/lib/router/index.js:346:12)
    at next (/home/aplicacion/projects/Sistema_Control_Condominios/backend/node_modules/express/lib/router/index.js:280:10)
    at Function.handle (/home/aplicacion/projects/Sistema_Control_Condominios/backend/node_modules/express/lib/router/index.js:175:3)
    at router (/home/aplicacion/projects/Sistema_Control_Condominios/backend/node_modules/express/lib/router/index.js:47:12)
    at Layer.handle [as handle_request] (/home/aplicacion/projects/Sistema_Control_Condominios/backend/node_modules/express/lib/router/layer.js:95:5) {
  status: 401
}
[0mGET /api/notifications [33m401[0m 10.514 ms - 90[0m
[API_ERROR] Error: Solo la organización Smart3AI tiene acceso a esta instancia.
    at enforceOwnerOnlyPolicy (file:///home/aplicacion/projects/Sistema_Control_Condominios/backend/src/middlewares/authMiddleware.js:49:19)
    at authenticate (file:///home/aplicacion/projects/Sistema_Control_Condominios/backend/src/middlewares/authMiddleware.js:67:5)
    at Layer.handle [as handle_request] (/home/aplicacion/projects/Sistema_Control_Condominios/backend/node_modules/express/lib/router/layer.js:95:5)
    at trim_prefix (/home/aplicacion/projects/Sistema_Control_Condominios/backend/node_modules/express/lib/router/index.js:328:13)
    at /home/aplicacion/projects/Sistema_Control_Condominios/backend/node_modules/express/lib/router/index.js:286:9
    at Function.process_params (/home/aplicacion/projects/Sistema_Control_Condominios/backend/node_modules/express/lib/router/index.js:346:12)
    at next (/home/aplicacion/projects/Sistema_Control_Condominios/backend/node_modules/express/lib/router/index.js:280:10)
    at Function.handle (/home/aplicacion/projects/Sistema_Control_Condominios/backend/node_modules/express/lib/router/index.js:175:3)
    at router (/home/aplicacion/projects/Sistema_Control_Condominios/backend/node_modules/express/lib/router/index.js:47:12)
    at Layer.handle [as handle_request] (/home/aplicacion/projects/Sistema_Control_Condominios/backend/node_modules/express/lib/router/layer.js:95:5) {
  status: 401
}
[0mGET /api/users?page=1&limit=20 [33m401[0m 23.122 ms - 90[0m
[API_ERROR] Error: Solo la organización Smart3AI tiene acceso a esta instancia.
    at enforceOwnerOnlyPolicy (file:///home/aplicacion/projects/Sistema_Control_Condominios/backend/src/middlewares/authMiddleware.js:49:19)
    at authenticate (file:///home/aplicacion/projects/Sistema_Control_Condominios/backend/src/middlewares/authMiddleware.js:67:5)
    at Layer.handle [as handle_request] (/home/aplicacion/projects/Sistema_Control_Condominios/backend/node_modules/express/lib/router/layer.js:95:5)
    at trim_prefix (/home/aplicacion/projects/Sistema_Control_Condominios/backend/node_modules/express/lib/router/index.js:328:13)
    at /home/aplicacion/projects/Sistema_Control_Condominios/backend/node_modules/express/lib/router/index.js:286:9
    at Function.process_params (/home/aplicacion/projects/Sistema_Control_Condominios/backend/node_modules/express/lib/router/index.js:346:12)
    at next (/home/aplicacion/projects/Sistema_Control_Condominios/backend/node_modules/express/lib/router/index.js:280:10)
    at Function.handle (/home/aplicacion/projects/Sistema_Control_Condominios/backend/node_modules/express/lib/router/index.js:175:3)
    at router (/home/aplicacion/projects/Sistema_Control_Condominios/backend/node_modules/express/lib/router/index.js:47:12)
    at Layer.handle [as handle_request] (/home/aplicacion/projects/Sistema_Control_Condominios/backend/node_modules/express/lib/router/layer.js:95:5) {
  status: 401
}
[0mGET /api/condominiums [33m401[0m 47.030 ms - 90[0m
[API_ERROR] Error: Solo la organización Smart3AI tiene acceso a esta instancia.
    at enforceOwnerOnlyPolicy (file:///home/aplicacion/projects/Sistema_Control_Condominios/backend/src/middlewares/authMiddleware.js:49:19)
    at authenticate (file:///home/aplicacion/projects/Sistema_Control_Condominios/backend/src/middlewares/authMiddleware.js:67:5)
    at Layer.handle [as handle_request] (/home/aplicacion/projects/Sistema_Control_Condominios/backend/node_modules/express/lib/router/layer.js:95:5)
    at trim_prefix (/home/aplicacion/projects/Sistema_Control_Condominios/backend/node_modules/express/lib/router/index.js:328:13)
    at /home/aplicacion/projects/Sistema_Control_Condominios/backend/node_modules/express/lib/router/index.js:286:9
    at Function.process_params (/home/aplicacion/projects/Sistema_Control_Condominios/backend/node_modules/express/lib/router/index.js:346:12)
    at next (/home/aplicacion/projects/Sistema_Control_Condominios/backend/node_modules/express/lib/router/index.js:280:10)
    at Function.handle (/home/aplicacion/projects/Sistema_Control_Condominios/backend/node_modules/express/lib/router/index.js:175:3)
    at router (/home/aplicacion/projects/Sistema_Control_Condominios/backend/node_modules/express/lib/router/index.js:47:12)
    at Layer.handle [as handle_request] (/home/aplicacion/projects/Sistema_Control_Condominios/backend/node_modules/express/lib/router/layer.js:95:5) {
  status: 401
}
[0mGET /api/condominiums [33m401[0m 11.062 ms - 90[0m
[API_ERROR] Error: Solo la organización Smart3AI tiene acceso a esta instancia.
    at enforceOwnerOnlyPolicy (file:///home/aplicacion/projects/Sistema_Control_Condominios/backend/src/middlewares/authMiddleware.js:49:19)
    at authenticate (file:///home/aplicacion/projects/Sistema_Control_Condominios/backend/src/middlewares/authMiddleware.js:67:5)
    at Layer.handle [as handle_request] (/home/aplicacion/projects/Sistema_Control_Condominios/backend/node_modules/express/lib/router/layer.js:95:5)
    at trim_prefix (/home/aplicacion/projects/Sistema_Control_Condominios/backend/node_modules/express/lib/router/index.js:328:13)
    at /home/aplicacion/projects/Sistema_Control_Condominios/backend/node_modules/express/lib/router/index.js:286:9
    at Function.process_params (/home/aplicacion/projects/Sistema_Control_Condominios/backend/node_modules/express/lib/router/index.js:346:12)
    at next (/home/aplicacion/projects/Sistema_Control_Condominios/backend/node_modules/express/lib/router/index.js:280:10)
    at Function.handle (/home/aplicacion/projects/Sistema_Control_Condominios/backend/node_modules/express/lib/router/index.js:175:3)
    at router (/home/aplicacion/projects/Sistema_Control_Condominios/backend/node_modules/express/lib/router/index.js:47:12)
    at Layer.handle [as handle_request] (/home/aplicacion/projects/Sistema_Control_Condominios/backend/node_modules/express/lib/router/layer.js:95:5) {
  status: 401
}
[0mGET /api/residents/history [33m401[0m 17.188 ms - 90[0m
[API_ERROR] Error: Solo la organización Smart3AI tiene acceso a esta instancia.
    at enforceOwnerOnlyPolicy (file:///home/aplicacion/projects/Sistema_Control_Condominios/backend/src/middlewares/authMiddleware.js:49:19)
    at authenticate (file:///home/aplicacion/projects/Sistema_Control_Condominios/backend/src/middlewares/authMiddleware.js:67:5)
    at Layer.handle [as handle_request] (/home/aplicacion/projects/Sistema_Control_Condominios/backend/node_modules/express/lib/router/layer.js:95:5)
    at trim_prefix (/home/aplicacion/projects/Sistema_Control_Condominios/backend/node_modules/express/lib/router/index.js:328:13)
    at /home/aplicacion/projects/Sistema_Control_Condominios/backend/node_modules/express/lib/router/index.js:286:9
    at Function.process_params (/home/aplicacion/projects/Sistema_Control_Condominios/backend/node_modules/express/lib/router/index.js:346:12)
    at next (/home/aplicacion/projects/Sistema_Control_Condominios/backend/node_modules/express/lib/router/index.js:280:10)
    at Function.handle (/home/aplicacion/projects/Sistema_Control_Condominios/backend/node_modules/express/lib/router/index.js:175:3)
    at router (/home/aplicacion/projects/Sistema_Control_Condominios/backend/node_modules/express/lib/router/index.js:47:12)
    at Layer.handle [as handle_request] (/home/aplicacion/projects/Sistema_Control_Condominios/backend/node_modules/express/lib/router/layer.js:95:5) {
  status: 401
}
[0mGET /api/residents/history [33m401[0m 9.451 ms - 90[0m
[API_ERROR] Error: Solo la organización Smart3AI tiene acceso a esta instancia.
    at enforceOwnerOnlyPolicy (file:///home/aplicacion/projects/Sistema_Control_Condominios/backend/src/middlewares/authMiddleware.js:49:19)
    at authenticate (file:///home/aplicacion/projects/Sistema_Control_Condominios/backend/src/middlewares/authMiddleware.js:67:5)
    at Layer.handle [as handle_request] (/home/aplicacion/projects/Sistema_Control_Condominios/backend/node_modules/express/lib/router/layer.js:95:5)
    at trim_prefix (/home/aplicacion/projects/Sistema_Control_Condominios/backend/node_modules/express/lib/router/index.js:328:13)
    at /home/aplicacion/projects/Sistema_Control_Condominios/backend/node_modules/express/lib/router/index.js:286:9
    at Function.process_params (/home/aplicacion/projects/Sistema_Control_Condominios/backend/node_modules/express/lib/router/index.js:346:12)
    at next (/home/aplicacion/projects/Sistema_Control_Condominios/backend/node_modules/express/lib/router/index.js:280:10)
    at Function.handle (/home/aplicacion/projects/Sistema_Control_Condominios/backend/node_modules/express/lib/router/index.js:175:3)
    at router (/home/aplicacion/projects/Sistema_Control_Condominios/backend/node_modules/express/lib/router/index.js:47:12)
    at Layer.handle [as handle_request] (/home/aplicacion/projects/Sistema_Control_Condominios/backend/node_modules/express/lib/router/layer.js:95:5) {
  status: 401
}
[0mGET /api/payments/fees?page=1&limit=20 [33m401[0m 2.825 ms - 90[0m
[API_ERROR] Error: Solo la organización Smart3AI tiene acceso a esta instancia.
    at enforceOwnerOnlyPolicy (file:///home/aplicacion/projects/Sistema_Control_Condominios/backend/src/middlewares/authMiddleware.js:49:19)
    at authenticate (file:///home/aplicacion/projects/Sistema_Control_Condominios/backend/src/middlewares/authMiddleware.js:67:5)
    at Layer.handle [as handle_request] (/home/aplicacion/projects/Sistema_Control_Condominios/backend/node_modules/express/lib/router/layer.js:95:5)
    at trim_prefix (/home/aplicacion/projects/Sistema_Control_Condominios/backend/node_modules/express/lib/router/index.js:328:13)
    at /home/aplicacion/projects/Sistema_Control_Condominios/backend/node_modules/express/lib/router/index.js:286:9
    at Function.process_params (/home/aplicacion/projects/Sistema_Control_Condominios/backend/node_modules/express/lib/router/index.js:346:12)
    at next (/home/aplicacion/projects/Sistema_Control_Condominios/backend/node_modules/express/lib/router/index.js:280:10)
    at Function.handle (/home/aplicacion/projects/Sistema_Control_Condominios/backend/node_modules/express/lib/router/index.js:175:3)
    at router (/home/aplicacion/projects/Sistema_Control_Condominios/backend/node_modules/express/lib/router/index.js:47:12)
    at Layer.handle [as handle_request] (/home/aplicacion/projects/Sistema_Control_Condominios/backend/node_modules/express/lib/router/layer.js:95:5) {
  status: 401
}
[0mGET /api/reservations [33m401[0m 4.105 ms - 90[0m
[API_ERROR] Error: Solo la organización Smart3AI tiene acceso a esta instancia.
    at enforceOwnerOnlyPolicy (file:///home/aplicacion/projects/Sistema_Control_Condominios/backend/src/middlewares/authMiddleware.js:49:19)
    at authenticate (file:///home/aplicacion/projects/Sistema_Control_Condominios/backend/src/middlewares/authMiddleware.js:67:5)
    at Layer.handle [as handle_request] (/home/aplicacion/projects/Sistema_Control_Condominios/backend/node_modules/express/lib/router/layer.js:95:5)
    at trim_prefix (/home/aplicacion/projects/Sistema_Control_Condominios/backend/node_modules/express/lib/router/index.js:328:13)
    at /home/aplicacion/projects/Sistema_Control_Condominios/backend/node_modules/express/lib/router/index.js:286:9
    at Function.process_params (/home/aplicacion/projects/Sistema_Control_Condominios/backend/node_modules/express/lib/router/index.js:346:12)
    at next (/home/aplicacion/projects/Sistema_Control_Condominios/backend/node_modules/express/lib/router/index.js:280:10)
    at Function.handle (/home/aplicacion/projects/Sistema_Control_Condominios/backend/node_modules/express/lib/router/index.js:175:3)
    at router (/home/aplicacion/projects/Sistema_Control_Condominios/backend/node_modules/express/lib/router/index.js:47:12)
    at Layer.handle [as handle_request] (/home/aplicacion/projects/Sistema_Control_Condominios/backend/node_modules/express/lib/router/layer.js:95:5) {
  status: 401
}
[0mGET /api/reservations [33m401[0m 2.894 ms - 90[0m
[API_ERROR] Error: Solo la organización Smart3AI tiene acceso a esta instancia.
    at enforceOwnerOnlyPolicy (file:///home/aplicacion/projects/Sistema_Control_Condominios/backend/src/middlewares/authMiddleware.js:49:19)
    at authenticate (file:///home/aplicacion/projects/Sistema_Control_Condominios/backend/src/middlewares/authMiddleware.js:67:5)
    at Layer.handle [as handle_request] (/home/aplicacion/projects/Sistema_Control_Condominios/backend/node_modules/express/lib/router/layer.js:95:5)
    at trim_prefix (/home/aplicacion/projects/Sistema_Control_Condominios/backend/node_modules/express/lib/router/index.js:328:13)
    at /home/aplicacion/projects/Sistema_Control_Condominios/backend/node_modules/express/lib/router/index.js:286:9
    at Function.process_params (/home/aplicacion/projects/Sistema_Control_Condominios/backend/node_modules/express/lib/router/index.js:346:12)
    at next (/home/aplicacion/projects/Sistema_Control_Condominios/backend/node_modules/express/lib/router/index.js:280:10)
    at Function.handle (/home/aplicacion/projects/Sistema_Control_Condominios/backend/node_modules/express/lib/router/index.js:175:3)
    at router (/home/aplicacion/projects/Sistema_Control_Condominios/backend/node_modules/express/lib/router/index.js:47:12)
    at Layer.handle [as handle_request] (/home/aplicacion/projects/Sistema_Control_Condominios/backend/node_modules/express/lib/router/layer.js:95:5) {
  status: 401
}
[0mGET /api/visits?page=1&limit=20 [33m401[0m 2.803 ms - 90[0m
[API_ERROR] Error: Solo la organización Smart3AI tiene acceso a esta instancia.
    at enforceOwnerOnlyPolicy (file:///home/aplicacion/projects/Sistema_Control_Condominios/backend/src/middlewares/authMiddleware.js:49:19)
    at authenticate (file:///home/aplicacion/projects/Sistema_Control_Condominios/backend/src/middlewares/authMiddleware.js:67:5)
    at Layer.handle [as handle_request] (/home/aplicacion/projects/Sistema_Control_Condominios/backend/node_modules/express/lib/router/layer.js:95:5)
    at trim_prefix (/home/aplicacion/projects/Sistema_Control_Condominios/backend/node_modules/express/lib/router/index.js:328:13)
    at /home/aplicacion/projects/Sistema_Control_Condominios/backend/node_modules/express/lib/router/index.js:286:9
    at Function.process_params (/home/aplicacion/projects/Sistema_Control_Condominios/backend/node_modules/express/lib/router/index.js:346:12)
    at next (/home/aplicacion/projects/Sistema_Control_Condominios/backend/node_modules/express/lib/router/index.js:280:10)
    at Function.handle (/home/aplicacion/projects/Sistema_Control_Condominios/backend/node_modules/express/lib/router/index.js:175:3)
    at router (/home/aplicacion/projects/Sistema_Control_Condominios/backend/node_modules/express/lib/router/index.js:47:12)
    at Layer.handle [as handle_request] (/home/aplicacion/projects/Sistema_Control_Condominios/backend/node_modules/express/lib/router/layer.js:95:5) {
  status: 401
}
[0mGET /api/maintenance?page=1&limit=20 [33m401[0m 3.673 ms - 90[0m
[32m[nodemon] restarting due to changes...[39m
[32m[nodemon] starting `node src/server.js`[39m
Server running on port 3003
[32m[nodemon] restarting due to changes...[39m
[32m[nodemon] restarting due to changes...[39m
[32m[nodemon] starting `node src/server.js`[39m
Server running on port 3003
[0mPOST /api/auth/login [32m200[0m 125.854 ms - 406[0m
[0mPOST /api/auth/login [32m200[0m 25.930 ms - 406[0m
[0mPOST /api/auth/login [32m200[0m 54.087 ms - 406[0m
[32m[nodemon] restarting due to changes...[39m
[32m[nodemon] starting `node src/server.js`[39m
Server running on port 3003
[0mPOST /api/auth/login [32m200[0m 325.995 ms - 492[0m
[32m[nodemon] restarting due to changes...[39m
[32m[nodemon] starting `node src/server.js`[39m
Server running on port 3003
[0mPOST /api/auth/login [32m200[0m 310.106 ms - 492[0m
[API_ERROR] Error: Solo la organización Smart3AI tiene acceso a esta instancia.
    at enforceOwnerOnlyPolicy (file:///home/aplicacion/projects/Sistema_Control_Condominios/backend/src/middlewares/authMiddleware.js:49:19)
    at authenticate (file:///home/aplicacion/projects/Sistema_Control_Condominios/backend/src/middlewares/authMiddleware.js:67:5)
    at Layer.handle [as handle_request] (/home/aplicacion/projects/Sistema_Control_Condominios/backend/node_modules/express/lib/router/layer.js:95:5)
    at trim_prefix (/home/aplicacion/projects/Sistema_Control_Condominios/backend/node_modules/express/lib/router/index.js:328:13)
    at /home/aplicacion/projects/Sistema_Control_Condominios/backend/node_modules/express/lib/router/index.js:286:9
    at Function.process_params (/home/aplicacion/projects/Sistema_Control_Condominios/backend/node_modules/express/lib/router/index.js:346:12)
    at next (/home/aplicacion/projects/Sistema_Control_Condominios/backend/node_modules/express/lib/router/index.js:280:10)
    at Function.handle (/home/aplicacion/projects/Sistema_Control_Condominios/backend/node_modules/express/lib/router/index.js:175:3)
    at router (/home/aplicacion/projects/Sistema_Control_Condominios/backend/node_modules/express/lib/router/index.js:47:12)
    at Layer.handle [as handle_request] (/home/aplicacion/projects/Sistema_Control_Condominios/backend/node_modules/express/lib/router/layer.js:95:5) {
  status: 401
}
[0mGET /api/dashboard/metrics [33m401[0m 36.987 ms - 90[0m
[API_ERROR] Error: Solo la organización Smart3AI tiene acceso a esta instancia.
    at enforceOwnerOnlyPolicy (file:///home/aplicacion/projects/Sistema_Control_Condominios/backend/src/middlewares/authMiddleware.js:49:19)
    at authenticate (file:///home/aplicacion/projects/Sistema_Control_Condominios/backend/src/middlewares/authMiddleware.js:67:5)
    at Layer.handle [as handle_request] (/home/aplicacion/projects/Sistema_Control_Condominios/backend/node_modules/express/lib/router/layer.js:95:5)
    at trim_prefix (/home/aplicacion/projects/Sistema_Control_Condominios/backend/node_modules/express/lib/router/index.js:328:13)
    at /home/aplicacion/projects/Sistema_Control_Condominios/backend/node_modules/express/lib/router/index.js:286:9
    at Function.process_params (/home/aplicacion/projects/Sistema_Control_Condominios/backend/node_modules/express/lib/router/index.js:346:12)
    at next (/home/aplicacion/projects/Sistema_Control_Condominios/backend/node_modules/express/lib/router/index.js:280:10)
    at Function.handle (/home/aplicacion/projects/Sistema_Control_Condominios/backend/node_modules/express/lib/router/index.js:175:3)
    at router (/home/aplicacion/projects/Sistema_Control_Condominios/backend/node_modules/express/lib/router/index.js:47:12)
    at Layer.handle [as handle_request] (/home/aplicacion/projects/Sistema_Control_Condominios/backend/node_modules/express/lib/router/layer.js:95:5) {
  status: 401
}
[0mGET /api/notifications [33m401[0m 11.811 ms - 90[0m
[API_ERROR] Error: Solo la organización Smart3AI tiene acceso a esta instancia.
    at enforceOwnerOnlyPolicy (file:///home/aplicacion/projects/Sistema_Control_Condominios/backend/src/middlewares/authMiddleware.js:49:19)
    at authenticate (file:///home/aplicacion/projects/Sistema_Control_Condominios/backend/src/middlewares/authMiddleware.js:67:5)
    at Layer.handle [as handle_request] (/home/aplicacion/projects/Sistema_Control_Condominios/backend/node_modules/express/lib/router/layer.js:95:5)
    at trim_prefix (/home/aplicacion/projects/Sistema_Control_Condominios/backend/node_modules/express/lib/router/index.js:328:13)
    at /home/aplicacion/projects/Sistema_Control_Condominios/backend/node_modules/express/lib/router/index.js:286:9
    at Function.process_params (/home/aplicacion/projects/Sistema_Control_Condominios/backend/node_modules/express/lib/router/index.js:346:12)
    at next (/home/aplicacion/projects/Sistema_Control_Condominios/backend/node_modules/express/lib/router/index.js:280:10)
    at Function.handle (/home/aplicacion/projects/Sistema_Control_Condominios/backend/node_modules/express/lib/router/index.js:175:3)
    at router (/home/aplicacion/projects/Sistema_Control_Condominios/backend/node_modules/express/lib/router/index.js:47:12)
    at Layer.handle [as handle_request] (/home/aplicacion/projects/Sistema_Control_Condominios/backend/node_modules/express/lib/router/layer.js:95:5) {
  status: 401
}
[0mGET /api/dashboard/metrics [33m401[0m 14.706 ms - 90[0m
[API_ERROR] Error: Solo la organización Smart3AI tiene acceso a esta instancia.
    at enforceOwnerOnlyPolicy (file:///home/aplicacion/projects/Sistema_Control_Condominios/backend/src/middlewares/authMiddleware.js:49:19)
    at authenticate (file:///home/aplicacion/projects/Sistema_Control_Condominios/backend/src/middlewares/authMiddleware.js:67:5)
    at Layer.handle [as handle_request] (/home/aplicacion/projects/Sistema_Control_Condominios/backend/node_modules/express/lib/router/layer.js:95:5)
    at trim_prefix (/home/aplicacion/projects/Sistema_Control_Condominios/backend/node_modules/express/lib/router/index.js:328:13)
    at /home/aplicacion/projects/Sistema_Control_Condominios/backend/node_modules/express/lib/router/index.js:286:9
    at Function.process_params (/home/aplicacion/projects/Sistema_Control_Condominios/backend/node_modules/express/lib/router/index.js:346:12)
    at next (/home/aplicacion/projects/Sistema_Control_Condominios/backend/node_modules/express/lib/router/index.js:280:10)
    at Function.handle (/home/aplicacion/projects/Sistema_Control_Condominios/backend/node_modules/express/lib/router/index.js:175:3)
    at router (/home/aplicacion/projects/Sistema_Control_Condominios/backend/node_modules/express/lib/router/index.js:47:12)
    at Layer.handle [as handle_request] (/home/aplicacion/projects/Sistema_Control_Condominios/backend/node_modules/express/lib/router/layer.js:95:5) {
  status: 401
}
[0mGET /api/notifications [33m401[0m 16.380 ms - 90[0m
[0mPOST /api/auth/login [32m200[0m 178.737 ms - 492[0m
[API_ERROR] Error: Solo la organización Smart3AI tiene acceso a esta instancia.
    at enforceOwnerOnlyPolicy (file:///home/aplicacion/projects/Sistema_Control_Condominios/backend/src/middlewares/authMiddleware.js:49:19)
    at authenticate (file:///home/aplicacion/projects/Sistema_Control_Condominios/backend/src/middlewares/authMiddleware.js:67:5)
    at Layer.handle [as handle_request] (/home/aplicacion/projects/Sistema_Control_Condominios/backend/node_modules/express/lib/router/layer.js:95:5)
    at trim_prefix (/home/aplicacion/projects/Sistema_Control_Condominios/backend/node_modules/express/lib/router/index.js:328:13)
    at /home/aplicacion/projects/Sistema_Control_Condominios/backend/node_modules/express/lib/router/index.js:286:9
    at Function.process_params (/home/aplicacion/projects/Sistema_Control_Condominios/backend/node_modules/express/lib/router/index.js:346:12)
    at next (/home/aplicacion/projects/Sistema_Control_Condominios/backend/node_modules/express/lib/router/index.js:280:10)
    at Function.handle (/home/aplicacion/projects/Sistema_Control_Condominios/backend/node_modules/express/lib/router/index.js:175:3)
    at router (/home/aplicacion/projects/Sistema_Control_Condominios/backend/node_modules/express/lib/router/index.js:47:12)
    at Layer.handle [as handle_request] (/home/aplicacion/projects/Sistema_Control_Condominios/backend/node_modules/express/lib/router/layer.js:95:5) {
  status: 401
}
[0mGET /api/dashboard/metrics [33m401[0m 4.548 ms - 90[0m
[API_ERROR] Error: Solo la organización Smart3AI tiene acceso a esta instancia.
    at enforceOwnerOnlyPolicy (file:///home/aplicacion/projects/Sistema_Control_Condominios/backend/src/middlewares/authMiddleware.js:49:19)
    at authenticate (file:///home/aplicacion/projects/Sistema_Control_Condominios/backend/src/middlewares/authMiddleware.js:67:5)
    at Layer.handle [as handle_request] (/home/aplicacion/projects/Sistema_Control_Condominios/backend/node_modules/express/lib/router/layer.js:95:5)
    at trim_prefix (/home/aplicacion/projects/Sistema_Control_Condominios/backend/node_modules/express/lib/router/index.js:328:13)
    at /home/aplicacion/projects/Sistema_Control_Condominios/backend/node_modules/express/lib/router/index.js:286:9
    at Function.process_params (/home/aplicacion/projects/Sistema_Control_Condominios/backend/node_modules/express/lib/router/index.js:346:12)
    at next (/home/aplicacion/projects/Sistema_Control_Condominios/backend/node_modules/express/lib/router/index.js:280:10)
    at Function.handle (/home/aplicacion/projects/Sistema_Control_Condominios/backend/node_modules/express/lib/router/index.js:175:3)
    at router (/home/aplicacion/projects/Sistema_Control_Condominios/backend/node_modules/express/lib/router/index.js:47:12)
    at Layer.handle [as handle_request] (/home/aplicacion/projects/Sistema_Control_Condominios/backend/node_modules/express/lib/router/layer.js:95:5) {
  status: 401
}
[0mGET /api/notifications [33m401[0m 7.002 ms - 90[0m
[32m[nodemon] restarting due to changes...[39m
[32m[nodemon] starting `node src/server.js`[39m
[32m[nodemon] restarting due to changes...[39m
[32m[nodemon] starting `node src/server.js`[39m
Server running on port 3003

> condos-backend@1.0.0 dev
> nodemon src/server.js

[33m[nodemon] 3.1.14[39m
[33m[nodemon] to restart at any time, enter `rs`[39m
[33m[nodemon] watching path(s): *.*[39m
[33m[nodemon] watching extensions: js,mjs,cjs,json[39m
[32m[nodemon] starting `node src/server.js`[39m
Server running on port 3003
