
> frontend@0.0.0 dev
> vite --host 0.0.0.0 --port 3001

Port 3001 is in use, trying another one...
Port 3002 is in use, trying another one...
Port 3003 is in use, trying another one...

  VITE v7.2.6  ready in 13270 ms

  ➜  Local:   http://localhost:3004/
  ➜  Network: http://192.168.100.100:3004/

> frontend@0.0.0 dev
> vite --host 0.0.0.0 --port 3001


  VITE v7.2.6  ready in 9153 ms

  ➜  Local:   http://localhost:3001/
  ➜  Network: http://192.168.100.100:3001/
Browserslist: browsers data (caniuse-lite) is 6 months old. Please run:
  npx update-browserslist-db@latest
  Why you should do it regularly: https://github.com/browserslist/update-db#readme

> frontend@0.0.0 dev
> vite --host 0.0.0.0 --port 3001


  VITE v7.2.6  ready in 25992 ms

  ➜  Local:   http://localhost:3001/
  ➜  Network: http://192.168.100.100:3001/
